// Jest Snapshot v1, https://goo.gl/fbAQLP

exports[`<App /> Should Match SnapShot 1`] = `
<div
  className="ui center aligned container"
  style={
    Object {
      "background": "black",
      "color": "#f9d71c",
    }
  }
>
  <h1
    className="ui header"
    style={
      Object {
        "color": "#f9d71c",
      }
    }
  >
    React Wars
  </h1>
  <div
    className="ui container doubling stackable four column grid"
  />
</div>
`;
